// Jest Snapshot v1, https://goo.gl/fbAQLP

exports[`Add Expense should take a snapshot of add button 1`] = `
<DocumentFragment>
  <div
    class="MuiBox-root MuiBox-root-5"
  >
    <button
      class="MuiButtonBase-root MuiFab-root MuiFab-primary"
      tabindex="0"
      type="button"
    >
      <span
        class="MuiFab-label"
      >
        <svg
          aria-hidden="true"
          class="MuiSvgIcon-root makeStyles-addButton-1 MuiSvgIcon-fontSizeLarge"
          data-testid="add-button"
          focusable="false"
          role="button"
          viewBox="0 0 24 24"
        >
          <path
            d="M19 13h-6v6h-2v-6H5v-2h6V5h2v6h6v2z"
          />
        </svg>
      </span>
      <span
        class="MuiTouchRipple-root"
      />
    </button>
  </div>
</DocumentFragment>
`;
