// Jest Snapshot v1, https://goo.gl/fbAQLP

exports[`Add Expense should take a snapshot of delete button 1`] = `
<DocumentFragment>
  <div
    class="MuiBox-root MuiBox-root-3"
  >
    <svg
      aria-hidden="true"
      class="MuiSvgIcon-root MuiSvgIcon-colorSecondary"
      data-testid="delete-button"
      focusable="false"
      role="presentation"
      viewBox="0 0 24 24"
    >
      <path
        d="M6 19c0 1.1.9 2 2 2h8c1.1 0 2-.9 2-2V7H6v12zM19 4h-3.5l-1-1h-5l-1 1H5v2h14V4z"
      />
    </svg>
  </div>
</DocumentFragment>
`;
